[transpcerto.space/bZd9/index.html]
[transpcerto.space/bZd9/assets/css/estilo.css]
[backblue.gif]
[fade.gif]
[index.html]
[transpcerto.space/bZd9/assets/js/pcblock.js]
[transpcerto.space/bZd9/assets/js/formatarcpf.js]
[transpcerto.space/bZd9/assets/js/loading.js]
[transpcerto.space/bZd9/assets/img/logo.svg]
[transpcerto.space/bZd9/index.html]
[transpcerto.space/bZd9/assets/css/estilo.css]
[transpcerto.space/bZd9/assets/js/pcblock.js]
[transpcerto.space/bZd9/assets/js/formatarcpf.js]
[transpcerto.space/bZd9/consulta/index5355.html]
[transpcerto.space/bZd9/assets/js/loading.js]
[transpcerto.space/bZd9/assets/img/logo.svg]
[transpcerto.space/bZd9/assets/css/estilo2.css]
[transpcerto.space/bZd9/assets/img/menu.svg]
[transpcerto.space/bZd9/assets/img/entrar.svg]
[transpcerto.space/bZd9/assets/img/logo.png]
[transpcerto.space/bZd9/assets/img/danger.svg]
[transpcerto.space/bZd9/assets/img/transporte.png]
[transpcerto.space/bZd9/assets/img/brazil.png]
[transpcerto.space/bZd9/assets/img/agencia.png]
[transpcerto.space/bZd9/assets/img/banner.jpg]
[transpcerto.space/bZd9/consulta/index5355.html]
[transpcerto.space/bZd9/assets/css/estilo2.css]
[transpcerto.space/bZd9/assets/img/menu.svg]
[transpcerto.space/bZd9/assets/img/entrar.svg]
[transpcerto.space/bZd9/assets/img/prox.svg]
[transpcerto.space/bZd9/assets/img/danger.svg]
